★ eas-cli@22.5.0 is now available.
To upgrade, run:
npm install -g eas-cli
Proceeding with outdated version.

Resolved "preview" environment for the build. Learn more: https://docs.expo.dev/eas/environment-variables/#setting-the-environment-for-your-builds
No environment variables with visibility "Plain text" and "Sensitive" found for the "preview" environment on EAS.
Environment variables loaded from the "preview" build profile "env" configuration: EAS_SKIP_AUTO_FINGERPRINT.



✔ Using remote Android credentials (Expo server)
✔ Using Keystore from configuration: Build Credentials oI406vGeP0 (default)

Compressing project files and uploading to EAS Build. Learn more: https://expo.fyi/eas-build-archive
- Compressing project files
- Uploading to EAS Build (0 / 83.8 MB)
✔ Uploaded to EAS 6m 48s
- Computing project fingerprint
⌛️ Computing the project fingerprint is taking longer than expected...
⏩ To skip this step, set the environment variable: EAS_SKIP_AUTO_FINGERPRINT=1
✔ Computed project fingerprint

See logs: https://expo.dev/accounts/eudesjohnson/projects/notre-bulle/builds/04a43909-7446-4cf1-93bf-9a3cd3268335

Waiting for build to complete. You can press Ctrl+C to exit.
- Waiting for build to complete.
✔ Build finished

  ▄▄▄▄▄▄▄▄▄▄▄▄▄▄▄▄▄▄▄▄▄▄▄▄▄▄▄▄▄▄▄▄▄▄▄▄▄▄▄
  █ ▄▄▄▄▄ █▀▀ ██▄█ ▄▀▀▄▄▀█ ▀   ▀█ ▄▄▄▄▄ █
  █ █   █ █▄▀████▄██▄ ▀▀█ ███ ▄▄█ █   █ █
  █ █▄▄▄█ █ ▄ █ ▄▀ ▀█▄▀▄█▄▄█▀   █ █▄▄▄█ █
  █▄▄▄▄▄▄▄█ █ ▀ █ ▀ ▀ ▀ ▀ █ █▄█ █▄▄▄▄▄▄▄█
  █▄ █ █▀▄▄▀▀█▄█ ▄██▀ ▄█ ██ ▄▄█▀▀ ▄▄▀ ▄▀█
  █▀█▄▄▀▄▄▀▄██▀█▀ █▀██▄▀▀ ▀▀▀▀▀ ▀ ▀ ▀▄▀ █
  █ ▀▀█ ▀▄▀  ███▄██▄  ▀▀▄ ▄▄▄▀█▄  ▀████ █
  ██ █▀█▄▄█ █▀▄█ ▄██▀ ▀▀▀▀▄█ ▀▀ ▄ ▄  █▀▄█
  █▄ ██ ▀▄█▀▄ ▀██ █▀  ▄▄ ▄▀▀█▀█▀▄  ▀█ ▀ █
  █▄▀▄█▀ ▄▄█ █▀▄█▀▀▄▀ █   ▀ ▄▀▀█▄▀▀█▄▀ ▄█
  ██ █ █▀▄█▀█▄██▄▀██▀ ▄▀ ▀▄▀▄▄█▀█ ▄▄███ █
  █ █▄ ▀█▄▀ █ ▀  ▄▀ █▄ ▀▀ ▀█▀▀▀  ▄█ ▄█▄▄█
  ██▀ █▀▄▄█ ▀ ██▄█▄ ▄   ▄▀█  ▄█▄  ▀█ █▄ █
  █▄▀▄█  ▄▄▀▄▀▄▄▀▀█   ▀ ▀█ ▀  █▀▀▀███▄▀▄█
  █▄▄█▄▄▄▄█▀█ ▀█▀▄█▄ ▄▄█▄▄▀ ▀█  ▄▄▄  ▄█▀█
  █ ▄▄▄▄▄ █▄▄ ██▄ ▀▄▀▀▀▄▀▀█▄█▄  █▄█ █ ▄ █
  █ █   █ █▀▄ ▄█ ▄██▀ █▀ ██   █ ▄▄  █▀▀ █
  █ █▄▄▄█ █▀▄██ ▀▄▀▀▄▀▄█▀ ▀▀▀ █▀ █▀▄ ▄▄▄█
  █▄▄▄▄▄▄▄█▄███▄▄███▄▄▄▄▄▄▄▄▄█▄▄█▄▄███▄▄█


🤖 Open this link on your Android devices (or scan the QR code) to install the app:
https://expo.dev/accounts/eudesjohnson/projects/notre-bulle/builds/04a43909-7446-4cf1-93bf-9a3cd3268335
